// Jest Snapshot v1, https://goo.gl/fbAQLP

exports[`App component snapshot test 1`] = `
<div>
  <div
    className="container-fluid"
  >
    <header
      className="header"
    >
      <div
        className="navbar navbar-default navbar-fixed-top"
        role="navigation"
      >
        <div
          className="container"
        >
          <div
            className="navbar-header"
          >
            <div
              className="navbar-buttons"
            >
              <button
                className="navbar-toggle"
                data-target="#navigation"
                data-toggle="collapse"
                type="button"
              >
                <span
                  className="icon-bar"
                />
                <span
                  className="icon-bar"
                />
                <span
                  className="icon-bar"
                />
              </button>
            </div>
            <a
              className="navbar-brand scroll-to"
              href="/"
              onClick={[Function]}
            >
              <img
                alt="logo"
                src="../ribbit.png"
              />
            </a>
          </div>
          <div
            className="collapse navbar-collapse navbar-right"
            id="navigation"
          >
            <ul
              className="nav navbar-nav"
            >
              <li>
                <a
                  className="scroll-to"
                  href="#features"
                >
                  Features
                </a>
              </li>
              <li>
                <a
                  className="scroll-to"
                  href="#testimonials"
                >
                  Testimonials
                </a>
              </li>
              <li>
                <a
                  className="scroll-to"
                  href="#contact"
                >
                  Contact
                </a>
              </li>
            </ul>
            <ul
              className="nav navbar-nav"
            >
              <a
                className="btn navbar-btn btn-ghost"
                data-target="#get-started"
                data-toggle="modal"
                href="/login"
                onClick={[Function]}
              >
                Sign Up
              </a>
              <a
                className="btn navbar-btn btn-ghost"
                data-target="#get-started"
                data-toggle="modal"
                href="/login"
                onClick={[Function]}
              >
                Login
              </a>
            </ul>
          </div>
        </div>
      </div>
    </header>
  </div>
</div>
`;
