// Jest Snapshot v1, https://goo.gl/fbAQLP

exports[`Chat component snapshot test 1`] = `
<div
  className="row border right-side"
>
  <div
    className="chat-header"
  >
    <span
      className="glyphicon glyphicon-user"
    />
    <span>
      Chat with USER
    </span>
  </div>
  <div
    className="chat-area"
  >
    chat area
  </div>
  <div
    className="chat-input"
  >
    <form>
      <input
        className="col-md-10 col-sm-10 col-xs-10"
        placeholder="Type your message here."
        type="text"
      />
      <button
        className="btn-info col-md-2  col-sm-2 col-xs-2"
      >
        Send
      </button>
    </form>
  </div>
</div>
`;
